\BOOKMARK [0][-]{chapter.2}{\376\377\000\050\000M\000o\000d\000u\000l\000e\000\040\0001\000.\000\051\000\040\000V\000o\000t\000i\000n\000g\000\040\000a\000n\000d\000\040\000A\000p\000p\000o\000r\000t\000i\000o\000n\000m\000e\000n\000t}{}% 1
\BOOKMARK [1][-]{section*.3}{\376\377\0001\000.\0001\000\040\000V\000o\000t\000i\000n\000g\000\040\000m\000e\000t\000h\000o\000d\000s}{chapter.2}% 2
\BOOKMARK [1][-]{section*.108}{\376\377\0001\000.\0002\000\040\000A\000p\000p\000o\000r\000t\000i\000o\000n\000m\000e\000n\000t}{chapter.2}% 3
\BOOKMARK [1][-]{section*.196}{\376\377\0001\000.\0003\000\040\000C\000h\000a\000p\000t\000e\000r\000\040\000E\000x\000e\000r\000c\000i\000s\000e\000s}{chapter.2}% 4
\BOOKMARK [0][-]{chapter.234}{\376\377\000\050\000M\000o\000d\000u\000l\000e\000\040\0002\000.\000\051\000\040\000P\000e\000r\000s\000o\000n\000a\000l\000\040\000F\000i\000n\000a\000n\000c\000e}{}% 5
\BOOKMARK [1][-]{section*.235}{\376\377\0002\000.\0001\000\040\000U\000n\000d\000e\000r\000s\000t\000a\000n\000d\000i\000n\000g\000\040\000I\000n\000t\000e\000r\000e\000s\000t\000:\000\040\000S\000i\000m\000p\000l\000e\000\040\000I\000n\000t\000e\000r\000e\000s\000t}{chapter.234}% 6
\BOOKMARK [1][-]{section*.254}{\376\377\0002\000.\0002\000\040\000S\000a\000v\000i\000n\000g\000\040\000M\000o\000n\000e\000y\000:\000\040\000C\000o\000m\000p\000o\000u\000n\000d\000\040\000I\000n\000t\000e\000r\000e\000s\000t}{chapter.234}% 7
\BOOKMARK [1][-]{section*.298}{\376\377\0002\000.\0003\000\040\000S\000a\000v\000i\000n\000g\000\040\000M\000o\000n\000e\000y\000:\000\040\000A\000n\000n\000u\000i\000t\000i\000e\000s}{chapter.234}% 8
\BOOKMARK [1][-]{section*.348}{\376\377\0002\000.\0004\000\040\000B\000o\000r\000r\000o\000w\000i\000n\000g\000\040\000M\000o\000n\000e\000y\000:\000\040\000M\000o\000r\000t\000g\000a\000g\000e}{chapter.234}% 9
\BOOKMARK [1][-]{section*.413}{\376\377\0002\000.\0005\000\040\000I\000d\000e\000n\000t\000i\000f\000y\000\040\000F\000o\000r\000m\000u\000l\000a\000s\000\040\000t\000o\000\040\000u\000s\000e\000:\000\040\000S\000i\000m\000p\000l\000e\000,\000\040\000C\000o\000m\000p\000o\000u\000n\000d\000,\000\040\000A\000n\000n\000u\000i\000t\000y\000,\000\040\000L\000o\000a\000n\000s}{chapter.234}% 10
\BOOKMARK [1][-]{section*.414}{\376\377\0002\000.\0006\000\040\000C\000h\000a\000p\000t\000e\000r\000\040\000E\000x\000e\000r\000c\000i\000s\000e\000s}{chapter.234}% 11
\BOOKMARK [0][-]{chapter.425}{\376\377\000\050\000M\000o\000d\000u\000l\000e\000\040\0003\000.\000\051\000\040\000P\000r\000o\000b\000a\000b\000i\000l\000i\000t\000y}{}% 12
\BOOKMARK [1][-]{section*.426}{\376\377\0003\000.\0001\000\040\000F\000u\000n\000d\000a\000m\000e\000n\000t\000a\000l\000s\000\040\000o\000f\000\040\000P\000r\000o\000b\000a\000b\000i\000l\000i\000t\000y}{chapter.425}% 13
\BOOKMARK [1][-]{section*.493}{\376\377\0003\000.\0002\000\040\000E\000v\000e\000n\000t\000s\000\040\000I\000n\000v\000o\000l\000v\000i\000n\000g\000\040\000N\000O\000T\000\040\000a\000n\000d\000\040\000O\000R}{chapter.425}% 14
\BOOKMARK [1][-]{section*.516}{\376\377\0003\000.\0003\000\040\000T\000h\000e\000\040\000F\000u\000n\000d\000a\000m\000e\000n\000t\000a\000l\000\040\000C\000o\000u\000n\000t\000i\000n\000g\000\040\000P\000r\000i\000n\000c\000i\000p\000l\000e}{chapter.425}% 15
\BOOKMARK [1][-]{section*.535}{\376\377\0003\000.\0004\000\040\000F\000a\000c\000t\000o\000r\000i\000a\000l\000s}{chapter.425}% 16
\BOOKMARK [1][-]{section*.567}{\376\377\0003\000.\0005\000\040\000P\000e\000r\000m\000u\000t\000a\000t\000i\000o\000n\000s}{chapter.425}% 17
\BOOKMARK [1][-]{section*.611}{\376\377\0003\000.\0006\000\040\000C\000o\000m\000b\000i\000n\000a\000t\000i\000o\000n\000s}{chapter.425}% 18
\BOOKMARK [1][-]{section*.668}{\376\377\0003\000.\0007\000\040\000P\000r\000o\000b\000a\000b\000i\000l\000i\000t\000y\000\040\000w\000i\000t\000h\000\040\000t\000h\000e\000\040\000F\000C\000P\000,\000\040\000n\000P\000r\000\040\000a\000n\000d\000\040\000n\000C\000r}{chapter.425}% 19
\BOOKMARK [1][-]{section*.709}{\376\377\0003\000.\0008\000\040\000C\000h\000a\000p\000t\000e\000r\000\040\000E\000x\000e\000r\000c\000i\000s\000e\000s}{chapter.425}% 20
\BOOKMARK [0][-]{chapter.722}{\376\377\000\050\000M\000o\000d\000u\000l\000e\000\040\0004\000.\000\051\000\040\000I\000n\000t\000r\000o\000d\000u\000c\000t\000i\000o\000n\000\040\000t\000o\000\040\000S\000t\000a\000t\000i\000s\000t\000i\000c\000s}{}% 21
\BOOKMARK [1][-]{section*.723}{\376\377\0004\000.\0001\000\040\000V\000i\000s\000u\000a\000l\000i\000z\000i\000n\000g\000\040\000D\000a\000t\000a\000\040\000T\000h\000r\000o\000u\000g\000h\000\040\000G\000r\000a\000p\000h\000s}{chapter.722}% 22
\BOOKMARK [1][-]{section*.824}{\376\377\0004\000.\0002\000\040\000M\000e\000a\000s\000u\000r\000e\000s\000\040\000o\000f\000\040\000C\000e\000n\000t\000e\000r\000\040\000a\000n\000d\000\040\000S\000p\000r\000e\000a\000d}{chapter.722}% 23
\BOOKMARK [1][-]{section*.900}{\376\377\0004\000.\0003\000\040\000T\000h\000e\000\040\000E\000m\000p\000i\000r\000i\000c\000a\000l\000\040\000R\000u\000l\000e}{chapter.722}% 24
\BOOKMARK [1][-]{section*.939}{\376\377\0004\000.\0004\000\040\000Z\000-\000S\000c\000o\000r\000e\000s}{chapter.722}% 25
\BOOKMARK [1][-]{section*.952}{\376\377\0004\000.\0005\000\040\000S\000c\000a\000t\000t\000e\000r\000\040\000P\000l\000o\000t\000s\000\040\000a\000n\000d\000\040\000R\000e\000g\000r\000e\000s\000s\000i\000o\000n\000\040\000L\000i\000n\000e\000s}{chapter.722}% 26
\BOOKMARK [1][-]{section*.1024}{\376\377\0004\000.\0006\000\040\000C\000h\000a\000p\000t\000e\000r\000\040\000E\000x\000e\000r\000c\000i\000s\000e\000s}{chapter.722}% 27
\BOOKMARK [0][-]{chapter.1068}{\376\377\000M\000y\000O\000p\000e\000n\000M\000a\000t\000h\000\040\000I\000n\000t\000e\000r\000a\000c\000t\000i\000v\000e\000\040\000A\000c\000t\000i\000v\000i\000t\000i\000e\000s}{}% 28
\BOOKMARK [1][-]{section*.1069}{\376\377\0000\0001\000.\000\040\000A\000c\000t\000i\000v\000i\000t\000y\000\040\000V\000o\000t\000i\000n\000g\000\040\000M\000e\000t\000h\000o\000d\000s}{chapter.1068}% 29
\BOOKMARK [1][-]{section*.1098}{\376\377\0000\0002\000.\000\040\000A\000c\000t\000i\000v\000i\000t\000y\000\040\000A\000p\000p\000o\000r\000t\000i\000o\000n\000m\000e\000n\000t\000\040\000M\000e\000t\000h\000o\000d\000s}{chapter.1068}% 30
\BOOKMARK [1][-]{section*.1118}{\376\377\0000\0003\000.\000\040\000A\000c\000t\000i\000v\000i\000t\000y\000\040\000S\000i\000m\000p\000l\000e\000\040\000I\000n\000t\000e\000r\000e\000s\000t}{chapter.1068}% 31
\BOOKMARK [1][-]{section*.1153}{\376\377\0000\0004\000.\000\040\000A\000c\000t\000i\000v\000i\000t\000y\000\040\000C\000o\000m\000p\000o\000u\000n\000d\000\040\000I\000n\000t\000e\000r\000e\000s\000t}{chapter.1068}% 32
\BOOKMARK [1][-]{section*.1170}{\376\377\0000\0005\000.\000\040\000A\000c\000t\000i\000v\000i\000t\000y\000\040\000A\000n\000n\000u\000i\000t\000i\000e\000s}{chapter.1068}% 33
\BOOKMARK [1][-]{section*.1194}{\376\377\0000\0006\000.\000\040\000A\000c\000t\000i\000v\000i\000t\000y\000\040\000L\000o\000a\000n\000s}{chapter.1068}% 34
\BOOKMARK [1][-]{section*.1216}{\376\377\0000\0007\000.\000\040\000A\000c\000t\000i\000v\000i\000t\000y\000\040\000M\000o\000r\000t\000g\000a\000g\000e\000s}{chapter.1068}% 35
\BOOKMARK [1][-]{section*.1238}{\376\377\0000\0008\000.\000\040\000A\000c\000t\000i\000v\000i\000t\000y\000\040\000I\000n\000t\000r\000o\000d\000u\000c\000t\000i\000o\000n\000\040\000t\000o\000\040\000P\000r\000o\000b\000a\000b\000i\000l\000i\000t\000y}{chapter.1068}% 36
\BOOKMARK [1][-]{section*.1270}{\376\377\0000\0009\000.\000\040\000A\000c\000t\000i\000v\000i\000t\000y\000\040\000P\000r\000o\000b\000a\000b\000i\000l\000i\000t\000y\000\040\000E\000v\000e\000n\000t\000s\000:\000\040\000N\000o\000t\000,\000\040\000O\000r}{chapter.1068}% 37
\BOOKMARK [1][-]{section*.1295}{\376\377\0001\0000\000.\000\040\000A\000c\000t\000i\000v\000i\000t\000y\000\040\000T\000h\000e\000\040\000F\000u\000n\000d\000a\000m\000e\000n\000t\000a\000l\000\040\000C\000o\000u\000n\000t\000i\000n\000g\000\040\000P\000r\000i\000n\000c\000i\000p\000l\000e}{chapter.1068}% 38
\BOOKMARK [1][-]{section*.1314}{\376\377\0001\0001\000.\000\040\000A\000c\000t\000i\000v\000i\000t\000y\000\040\000P\000e\000r\000m\000u\000t\000a\000t\000i\000o\000n\000s}{chapter.1068}% 39
\BOOKMARK [1][-]{section*.1333}{\376\377\0001\0002\000.\000\040\000A\000c\000t\000i\000v\000i\000t\000y\000\040\000C\000o\000m\000b\000i\000n\000a\000t\000i\000o\000n\000s}{chapter.1068}% 40
\BOOKMARK [1][-]{section*.1355}{\376\377\0001\0003\000.\000\040\000A\000c\000t\000i\000v\000i\000t\000y\000\040\000P\000r\000o\000b\000a\000b\000i\000l\000i\000t\000y\000\040\000w\000i\000t\000h\000\040\000F\000C\000P\000,\000\040\000n\000P\000r\000,\000\040\000n\000C\000r}{chapter.1068}% 41
\BOOKMARK [1][-]{section*.1368}{\376\377\0001\0004\000.\000\040\000A\000c\000t\000i\000v\000i\000t\000y\000\040\000D\000a\000t\000a\000\040\000a\000n\000d\000\040\000G\000r\000a\000p\000h\000s}{chapter.1068}% 42
\BOOKMARK [1][-]{section*.1381}{\376\377\0001\0005\000.\000\040\000A\000c\000t\000i\000v\000i\000t\000y\000\040\000M\000e\000a\000n\000,\000\040\000M\000e\000d\000i\000a\000n\000,\000\040\000M\000o\000d\000e\000\040\000a\000n\000d\000\040\000S\000t\000a\000n\000d\000a\000r\000d\000\040\000D\000e\000v\000i\000a\000t\000i\000o\000n}{chapter.1068}% 43
\BOOKMARK [1][-]{section*.1420}{\376\377\0001\0006\000.\000\040\000A\000c\000t\000i\000v\000i\000t\000y\000\040\000T\000h\000e\000\040\000E\000m\000p\000i\000r\000i\000c\000a\000l\000\040\000r\000u\000l\000e\000\040\000a\000n\000d\000\040\000z\000-\000s\000c\000o\000r\000e\000s}{chapter.1068}% 44
\BOOKMARK [1][-]{section*.1423}{\376\377\0001\0007\000.\000\040\000S\000c\000a\000t\000t\000e\000r\000\040\000p\000l\000o\000t\000s\000\040\000a\000n\000d\000\040\000R\000e\000g\000r\000s\000s\000i\000o\000n\000\040\000l\000i\000n\000e\000s}{chapter.1068}% 45
\BOOKMARK [0][-]{chapter.1432}{\376\377\000P\000r\000a\000c\000t\000i\000c\000a\000l\000\040\000A\000p\000p\000l\000i\000c\000a\000t\000i\000o\000n\000\040\000\046\000\040\000H\000a\000n\000d\000s\000-\000O\000n\000\040\000S\000e\000s\000s\000i\000o\000n\000s}{}% 46
\BOOKMARK [1][-]{section*.1433}{\376\377\0001\000.\000\040\000V\000o\000t\000i\000n\000g\000\040\000M\000e\000t\000h\000o\000d\000s\000\040\000H\000a\000n\000d\000o\000u\000t}{chapter.1432}% 47
\BOOKMARK [1][-]{section*.1439}{\376\377\0002\000.\000\040\000A\000p\000p\000o\000r\000t\000i\000o\000n\000m\000e\000n\000t\000\040\000H\000a\000n\000d\000o\000u\000t}{chapter.1432}% 48
\BOOKMARK [1][-]{section*.1453}{\376\377\0003\000.\000\040\000P\000e\000r\000s\000o\000n\000a\000l\000\040\000F\000i\000n\000a\000n\000c\000e\000\040\000H\000a\000n\000d\000o\000u\000t}{chapter.1432}% 49
\BOOKMARK [1][-]{section*.1489}{\376\377\0004\000.\000\040\000P\000r\000o\000b\000a\000b\000i\000l\000i\000t\000y\000\040\000H\000a\000n\000d\000o\000u\000t}{chapter.1432}% 50
\BOOKMARK [1][-]{section*.1506}{\376\377\0005\000.\000\040\000S\000t\000a\000t\000i\000s\000t\000i\000c\000s\000\040\000H\000a\000n\000d\000o\000u\000t}{chapter.1432}% 51
\BOOKMARK [0][-]{chapter.1546}{\376\377\000H\000o\000m\000e\000w\000o\000r\000k}{}% 52
