INFO    : Since no target was supplied, we will use "course".

INFO    : Building target course
INFO    : XSL conversion of /workspaces/Survey-of-Math/source/main.ptx by /home/codespace/.ptx/2.38.3/core/xsl/utilities/pretext-enhanced-source.xsl
INFO    : successful application of /home/codespace/.ptx/2.38.3/core/xsl/utilities/pretext-enhanced-source.xsl
INFO    : Generating any needed assets.
INFO    : downloading MyOpenMath static problems from /workspaces/Survey-of-Math/source/main.ptx for placement in /workspaces/Survey-of-Math/generated-assets/problems
INFO    : XSL conversion of /workspaces/Survey-of-Math/source/main.ptx by /home/codespace/.ptx/2.38.3/core/xsl/extract-mom.xsl
INFO    : successful application of /home/codespace/.ptx/2.38.3/core/xsl/extract-mom.xsl
INFO    : downloading MOM #1410996 to /workspaces/Survey-of-Math/generated-assets/problems/mom-1410996.xml...
INFO    : downloading MOM #1410999 to /workspaces/Survey-of-Math/generated-assets/problems/mom-1410999.xml...
INFO    : downloading MOM #1411004 to /workspaces/Survey-of-Math/generated-assets/problems/mom-1411004.xml...
INFO    : downloading MOM #1411007 to /workspaces/Survey-of-Math/generated-assets/problems/mom-1411007.xml...
INFO    : downloading MOM #1411010 to /workspaces/Survey-of-Math/generated-assets/problems/mom-1411010.xml...
INFO    : downloading MOM #1411014 to /workspaces/Survey-of-Math/generated-assets/problems/mom-1411014.xml...
INFO    : downloading MOM #1411035 to /workspaces/Survey-of-Math/generated-assets/problems/mom-1411035.xml...
INFO    : downloading MOM #1445055 to /workspaces/Survey-of-Math/generated-assets/problems/mom-1445055.xml...
INFO    : downloading MOM #1445054 to /workspaces/Survey-of-Math/generated-assets/problems/mom-1445054.xml...
INFO    : downloading MOM #1445060 to /workspaces/Survey-of-Math/generated-assets/problems/mom-1445060.xml...
INFO    : downloading MOM #1445078 to /workspaces/Survey-of-Math/generated-assets/problems/mom-1445078.xml...
INFO    : downloading MOM #1445079 to /workspaces/Survey-of-Math/generated-assets/problems/mom-1445079.xml...
INFO    : downloading MOM #1445082 to /workspaces/Survey-of-Math/generated-assets/problems/mom-1445082.xml...
INFO    : downloading MOM #1450155 to /workspaces/Survey-of-Math/generated-assets/problems/mom-1450155.xml...
INFO    : downloading MOM #1450156 to /workspaces/Survey-of-Math/generated-assets/problems/mom-1450156.xml...
INFO    : downloading MOM #1450157 to /workspaces/Survey-of-Math/generated-assets/problems/mom-1450157.xml...
INFO    : downloading MOM #1450159 to /workspaces/Survey-of-Math/generated-assets/problems/mom-1450159.xml...
INFO    : downloading MOM #1450163 to /workspaces/Survey-of-Math/generated-assets/problems/mom-1450163.xml...
INFO    : downloading MOM #1450164 to /workspaces/Survey-of-Math/generated-assets/problems/mom-1450164.xml...
INFO    : downloading MOM #1450165 to /workspaces/Survey-of-Math/generated-assets/problems/mom-1450165.xml...
INFO    : downloading MOM #1450167 to /workspaces/Survey-of-Math/generated-assets/problems/mom-1450167.xml...
INFO    : downloading MOM #1450171 to /workspaces/Survey-of-Math/generated-assets/problems/mom-1450171.xml...
INFO    : downloading MOM #1450170 to /workspaces/Survey-of-Math/generated-assets/problems/mom-1450170.xml...
INFO    : downloading MOM #1450173 to /workspaces/Survey-of-Math/generated-assets/problems/mom-1450173.xml...
INFO    : downloading MOM #1450176 to /workspaces/Survey-of-Math/generated-assets/problems/mom-1450176.xml...
INFO    : downloading MOM #1450178 to /workspaces/Survey-of-Math/generated-assets/problems/mom-1450178.xml...
INFO    : downloading MOM #1455393 to /workspaces/Survey-of-Math/generated-assets/problems/mom-1455393.xml...
INFO    : downloading MOM #1455379 to /workspaces/Survey-of-Math/generated-assets/problems/mom-1455379.xml...
INFO    : downloading MOM #1455397 to /workspaces/Survey-of-Math/generated-assets/problems/mom-1455397.xml...
INFO    : downloading MOM #1455403 to /workspaces/Survey-of-Math/generated-assets/problems/mom-1455403.xml...
INFO    : downloading MOM #1455406 to /workspaces/Survey-of-Math/generated-assets/problems/mom-1455406.xml...
INFO    : downloading MOM #1455416 to /workspaces/Survey-of-Math/generated-assets/problems/mom-1455416.xml...
INFO    : downloading MOM #1455417 to /workspaces/Survey-of-Math/generated-assets/problems/mom-1455417.xml...
INFO    : downloading MOM #1455429 to /workspaces/Survey-of-Math/generated-assets/problems/mom-1455429.xml...
INFO    : downloading MOM #1455445 to /workspaces/Survey-of-Math/generated-assets/problems/mom-1455445.xml...
INFO    : downloading MOM #1459946 to /workspaces/Survey-of-Math/generated-assets/problems/mom-1459946.xml...
INFO    : downloading MOM #1459948 to /workspaces/Survey-of-Math/generated-assets/problems/mom-1459948.xml...
INFO    : downloading MOM #1459957 to /workspaces/Survey-of-Math/generated-assets/problems/mom-1459957.xml...
INFO    : downloading MOM #1459979 to /workspaces/Survey-of-Math/generated-assets/problems/mom-1459979.xml...
INFO    : downloading MOM #1459983 to /workspaces/Survey-of-Math/generated-assets/problems/mom-1459983.xml...
INFO    : downloading MOM #1478115 to /workspaces/Survey-of-Math/generated-assets/problems/mom-1478115.xml...
INFO    : downloading MOM #1478123 to /workspaces/Survey-of-Math/generated-assets/problems/mom-1478123.xml...
INFO    : downloading MOM #1478136 to /workspaces/Survey-of-Math/generated-assets/problems/mom-1478136.xml...
INFO    : downloading MOM #1478156 to /workspaces/Survey-of-Math/generated-assets/problems/mom-1478156.xml...
INFO    : downloading MOM #1478168 to /workspaces/Survey-of-Math/generated-assets/problems/mom-1478168.xml...
INFO    : downloading MOM #1478177 to /workspaces/Survey-of-Math/generated-assets/problems/mom-1478177.xml...
INFO    : downloading MOM #1478183 to /workspaces/Survey-of-Math/generated-assets/problems/mom-1478183.xml...
INFO    : downloading MOM #1478372 to /workspaces/Survey-of-Math/generated-assets/problems/mom-1478372.xml...
INFO    : downloading MOM #1478374 to /workspaces/Survey-of-Math/generated-assets/problems/mom-1478374.xml...
INFO    : downloading MOM #1478376 to /workspaces/Survey-of-Math/generated-assets/problems/mom-1478376.xml...
INFO    : downloading MOM #1478377 to /workspaces/Survey-of-Math/generated-assets/problems/mom-1478377.xml...
INFO    : downloading MOM #1478397 to /workspaces/Survey-of-Math/generated-assets/problems/mom-1478397.xml...
INFO    : downloading MOM #1483044 to /workspaces/Survey-of-Math/generated-assets/problems/mom-1483044.xml...
INFO    : downloading MOM #1483045 to /workspaces/Survey-of-Math/generated-assets/problems/mom-1483045.xml...
INFO    : downloading MOM #1483049 to /workspaces/Survey-of-Math/generated-assets/problems/mom-1483049.xml...
INFO    : downloading MOM #1483050 to /workspaces/Survey-of-Math/generated-assets/problems/mom-1483050.xml...
INFO    : downloading MOM #1483053 to /workspaces/Survey-of-Math/generated-assets/problems/mom-1483053.xml...
INFO    : downloading MOM #1483055 to /workspaces/Survey-of-Math/generated-assets/problems/mom-1483055.xml...
INFO    : downloading MOM #1483057 to /workspaces/Survey-of-Math/generated-assets/problems/mom-1483057.xml...
INFO    : downloading MOM #1483064 to /workspaces/Survey-of-Math/generated-assets/problems/mom-1483064.xml...
INFO    : downloading MOM #1483067 to /workspaces/Survey-of-Math/generated-assets/problems/mom-1483067.xml...
INFO    : downloading MOM #1483066 to /workspaces/Survey-of-Math/generated-assets/problems/mom-1483066.xml...
INFO    : downloading MOM #1483069 to /workspaces/Survey-of-Math/generated-assets/problems/mom-1483069.xml...
INFO    : downloading MOM #1486855 to /workspaces/Survey-of-Math/generated-assets/problems/mom-1486855.xml...
INFO    : downloading MOM #1486856 to /workspaces/Survey-of-Math/generated-assets/problems/mom-1486856.xml...
INFO    : downloading MOM #1486858 to /workspaces/Survey-of-Math/generated-assets/problems/mom-1486858.xml...
INFO    : downloading MOM #1486859 to /workspaces/Survey-of-Math/generated-assets/problems/mom-1486859.xml...
INFO    : downloading MOM #1858785 to /workspaces/Survey-of-Math/generated-assets/problems/mom-1858785.xml...
INFO    : downloading MOM #600342 to /workspaces/Survey-of-Math/generated-assets/problems/mom-600342.xml...
INFO    : downloading MOM #6749 to /workspaces/Survey-of-Math/generated-assets/problems/mom-6749.xml...
INFO    : MyOpenMath static problem download complete
INFO    : Removing temporary directory /tmp/ptx-rrxqc047
INFO    : Finished generating assets.

INFO    : Preparing to build into /workspaces/Survey-of-Math/output/course.
INFO    : discovering source file's directory name: /workspaces/Survey-of-Math/source
INFO    : verifying and expanding input directory: /workspaces/Survey-of-Math/source/../generated-assets
INFO    : input directory expanded to absolute path: /workspaces/Survey-of-Math/generated-assets
INFO    : verifying and expanding input directory: /workspaces/Survey-of-Math/source/../assets
INFO    : input directory expanded to absolute path: /workspaces/Survey-of-Math/assets
INFO    : XSL conversion of /workspaces/Survey-of-Math/source/main.ptx by /home/codespace/.ptx/2.38.3/core/xsl/utilities/report-publisher-variables.xsl
INFO    : successful application of /home/codespace/.ptx/2.38.3/core/xsl/utilities/report-publisher-variables.xsl
INFO    : Downloading rs services file from https://runestone.academy/cdn/runestone/latest/webpack_static_imports.xml.
INFO    : Runestone Services via online CDN query: version 8.1.14
INFO    : Downloading Runestone Services, version 8.1.14
INFO    : Extracting Runestone Services from archive file
INFO    : Building custom css theme: theme-denver
INFO    : converting /workspaces/Survey-of-Math/source/main.ptx to HTML in /tmp/ptx-twlce88j
INFO    : XSL conversion of /workspaces/Survey-of-Math/source/main.ptx by /home/codespace/.ptx/2.38.3/core/xsl/pretext-html.xsl
INFO    : messages from the log for XSL processing:
WARNING : * PTX:WARNING: In a section containing subsections, any content that is not inside a subsection needs to be inside an <introduction> and/or  <conclusion>.
INFO    : *              located within: "sec-measures-of-center-spread" (xml:id), "4.2 Measures of Center and Spread" (title)
INFO    : * PTX:INFO:   checking all deprecated elements.
WARNING : * PTX:DEPRECATE: (2019-06-28) the "table" element requires a "title", an existing "caption" is being ignored (8 times)
INFO    : *              located within: "table-widget-data" (xml:id)
INFO    : *              located within: "table-sandwich-nutrition" (xml:id)
INFO    : *              located within: "table-eclipse-data" (xml:id)
INFO    : *              located within: "table-coat-data" (xml:id)
INFO    : *              located within: "table-sales-data" (xml:id)
INFO    : *              located within: "table-speeding-tickets" (xml:id)
INFO    : *              located within: "table-menu-options" (xml:id)
INFO    : *              located within: "table-eye-color-data" (xml:id)
INFO    : * --------------
WARNING : * PTX:DEPRECATE: (2022-04-25) a "@label" attribute (on a "ul" or "ol" element) has been deprecated and should be replaced by the functionally equivalent "@marker".  We will attempt to honor your request (14 times)
INFO    : *              located within: "Probability of Performers" (title)
INFO    : *              located within: "Probability of Club Committee Selection" (title)
INFO    : *              located within: "Probability of Defective Transistors" (title)
INFO    : *              located within: "Probability of Marbles Without Replacement" (title)
INFO    : *              located within: "example-iq-empirical-rule" (xml:id), "Applying the Empirical Rule to IQ Scores" (title)
INFO    : *              located within: "activity-02-intro-activity" (xml:id), "02. Activity Apportionment Methods" (title)
INFO    : *              located within: "ex-shirt-colors" (xml:id), "Shirt Color Frequency Table" (title)
WARNING : * PTX:WARNING:    An <xref> wants to build text using a number to identify the target, but the target (which has @xml:id "notes-Voting") does not have a number. You could try 'text="title"' or 'text="custom"' on the "xref".
INFO    : *              located within: "activity-01-intro-activity" (xml:id), "01. Activity Voting Methods" (title)
WARNING : * PTX:WARNING:    An <xref> wants to build text using a number to identify the target, but the target (which has @xml:id "section-apportionment") does not have a number. You could try 'text="title"' or 'text="custom"' on the "xref".
WARNING : * PTX:WARNING:    An <xref> wants to build text using a number to identify the target, but the target (which has @xml:id "notes-simple-interest") does not have a number. You could try 'text="title"' or 'text="custom"' on the "xref".
INFO    : *              located within: "activity-03-intro-activity" (xml:id), "03. Activity Simple Interest" (title)
WARNING : * PTX:WARNING:    An <xref> wants to build text using a number to identify the target, but the target (which has @xml:id "notes-compound-interest") does not have a number. You could try 'text="title"' or 'text="custom"' on the "xref".
INFO    : *              located within: "activity-04-intro-activity" (xml:id), "04. Activity Compound Interest" (title)
WARNING : * PTX:WARNING:    An <xref> wants to build text using a number to identify the target, but the target (which has @xml:id "notes-Annuities") does not have a number. You could try 'text="title"' or 'text="custom"' on the "xref".
INFO    : *              located within: "activity-05-intro-activity" (xml:id), "05. Activity Annuities" (title)
WARNING : * PTX:WARNING:    An <xref> wants to build text using a number to identify the target, but the target (which has @xml:id "notes-Mortgages") does not have a number. You could try 'text="title"' or 'text="custom"' on the "xref".
INFO    : *              located within: "activity-06-intro-activity" (xml:id), "06. Activity Loans" (title)
INFO    : *              located within: "activity-07-intro-activity" (xml:id), "07. Activity Mortgages" (title)
INFO    : successful application of /home/codespace/.ptx/2.38.3/core/xsl/pretext-html.xsl
INFO    : Removing temporary directory /tmp/ptx-twlce88j
INFO    : Removing temporary directory /tmp/ptx-vxsa6i_6
INFO    : 
Finished build for target course. Run `pretext view course` to see the results.

INFO    : 
Success!  Built requested target(s) without errors.

INFO    : 
